MO tb_reg_file_v NULL C:\Users\rajde\OneDrive\Desktop\RISC-V\Register_File/tb_reg_file.v vlg47/tb__reg__file__v.bin 1729264379
MO REG_FILE NULL C:\Users\rajde\OneDrive\Desktop\RISC-V\Register_File/Reg_File.v vlg09/_r_e_g___f_i_l_e.bin 1729264378
MO glbl NULL E:/Xilinx/verilog/src/glbl.v vlg2D/glbl.bin 1729261084
